Archive member included to satisfy reference by file (symbol)

c:/ac6/systemworkbench/plugins/fr.ac6.mcu.externaltools.arm-none.win32_1.15.0.201708311556/tools/compiler/bin/../lib/gcc/arm-none-eabi/6.3.1/../../../../arm-none-eabi/lib/thumb/v7e-m/fpv4-sp/hard\libc.a(lib_a-errno.o)
                              src/syscalls.o (__errno)
c:/ac6/systemworkbench/plugins/fr.ac6.mcu.externaltools.arm-none.win32_1.15.0.201708311556/tools/compiler/bin/../lib/gcc/arm-none-eabi/6.3.1/../../../../arm-none-eabi/lib/thumb/v7e-m/fpv4-sp/hard\libc.a(lib_a-exit.o)
                              c:/ac6/systemworkbench/plugins/fr.ac6.mcu.externaltools.arm-none.win32_1.15.0.201708311556/tools/compiler/bin/../lib/gcc/arm-none-eabi/6.3.1/../../../../arm-none-eabi/lib/thumb/v7e-m/fpv4-sp/hard/crt0.o (exit)
c:/ac6/systemworkbench/plugins/fr.ac6.mcu.externaltools.arm-none.win32_1.15.0.201708311556/tools/compiler/bin/../lib/gcc/arm-none-eabi/6.3.1/../../../../arm-none-eabi/lib/thumb/v7e-m/fpv4-sp/hard\libc.a(lib_a-impure.o)
                              c:/ac6/systemworkbench/plugins/fr.ac6.mcu.externaltools.arm-none.win32_1.15.0.201708311556/tools/compiler/bin/../lib/gcc/arm-none-eabi/6.3.1/../../../../arm-none-eabi/lib/thumb/v7e-m/fpv4-sp/hard\libc.a(lib_a-exit.o) (_global_impure_ptr)
c:/ac6/systemworkbench/plugins/fr.ac6.mcu.externaltools.arm-none.win32_1.15.0.201708311556/tools/compiler/bin/../lib/gcc/arm-none-eabi/6.3.1/../../../../arm-none-eabi/lib/thumb/v7e-m/fpv4-sp/hard\libc.a(lib_a-init.o)
                              c:/ac6/systemworkbench/plugins/fr.ac6.mcu.externaltools.arm-none.win32_1.15.0.201708311556/tools/compiler/bin/../lib/gcc/arm-none-eabi/6.3.1/../../../../arm-none-eabi/lib/thumb/v7e-m/fpv4-sp/hard/crt0.o (__libc_init_array)
c:/ac6/systemworkbench/plugins/fr.ac6.mcu.externaltools.arm-none.win32_1.15.0.201708311556/tools/compiler/bin/../lib/gcc/arm-none-eabi/6.3.1/../../../../arm-none-eabi/lib/thumb/v7e-m/fpv4-sp/hard\libc.a(lib_a-memset.o)
                              c:/ac6/systemworkbench/plugins/fr.ac6.mcu.externaltools.arm-none.win32_1.15.0.201708311556/tools/compiler/bin/../lib/gcc/arm-none-eabi/6.3.1/../../../../arm-none-eabi/lib/thumb/v7e-m/fpv4-sp/hard/crt0.o (memset)
c:/ac6/systemworkbench/plugins/fr.ac6.mcu.externaltools.arm-none.win32_1.15.0.201708311556/tools/compiler/bin/../lib/gcc/arm-none-eabi/6.3.1/../../../../arm-none-eabi/lib/thumb/v7e-m/fpv4-sp/hard\libc.a(lib_a-__call_atexit.o)
                              c:/ac6/systemworkbench/plugins/fr.ac6.mcu.externaltools.arm-none.win32_1.15.0.201708311556/tools/compiler/bin/../lib/gcc/arm-none-eabi/6.3.1/../../../../arm-none-eabi/lib/thumb/v7e-m/fpv4-sp/hard\libc.a(lib_a-exit.o) (__call_exitprocs)
c:/ac6/systemworkbench/plugins/fr.ac6.mcu.externaltools.arm-none.win32_1.15.0.201708311556/tools/compiler/bin/../lib/gcc/arm-none-eabi/6.3.1/../../../../arm-none-eabi/lib/thumb/v7e-m/fpv4-sp/hard\libc.a(lib_a-atexit.o)
                              c:/ac6/systemworkbench/plugins/fr.ac6.mcu.externaltools.arm-none.win32_1.15.0.201708311556/tools/compiler/bin/../lib/gcc/arm-none-eabi/6.3.1/../../../../arm-none-eabi/lib/thumb/v7e-m/fpv4-sp/hard\libc.a(lib_a-__call_atexit.o) (atexit)
c:/ac6/systemworkbench/plugins/fr.ac6.mcu.externaltools.arm-none.win32_1.15.0.201708311556/tools/compiler/bin/../lib/gcc/arm-none-eabi/6.3.1/../../../../arm-none-eabi/lib/thumb/v7e-m/fpv4-sp/hard\libc.a(lib_a-fini.o)
                              c:/ac6/systemworkbench/plugins/fr.ac6.mcu.externaltools.arm-none.win32_1.15.0.201708311556/tools/compiler/bin/../lib/gcc/arm-none-eabi/6.3.1/../../../../arm-none-eabi/lib/thumb/v7e-m/fpv4-sp/hard\libc.a(lib_a-__call_atexit.o) (__libc_fini_array)
c:/ac6/systemworkbench/plugins/fr.ac6.mcu.externaltools.arm-none.win32_1.15.0.201708311556/tools/compiler/bin/../lib/gcc/arm-none-eabi/6.3.1/../../../../arm-none-eabi/lib/thumb/v7e-m/fpv4-sp/hard\libc.a(lib_a-lock.o)
                              c:/ac6/systemworkbench/plugins/fr.ac6.mcu.externaltools.arm-none.win32_1.15.0.201708311556/tools/compiler/bin/../lib/gcc/arm-none-eabi/6.3.1/../../../../arm-none-eabi/lib/thumb/v7e-m/fpv4-sp/hard\libc.a(lib_a-__call_atexit.o) (__retarget_lock_acquire_recursive)
c:/ac6/systemworkbench/plugins/fr.ac6.mcu.externaltools.arm-none.win32_1.15.0.201708311556/tools/compiler/bin/../lib/gcc/arm-none-eabi/6.3.1/../../../../arm-none-eabi/lib/thumb/v7e-m/fpv4-sp/hard\libc.a(lib_a-__atexit.o)
                              c:/ac6/systemworkbench/plugins/fr.ac6.mcu.externaltools.arm-none.win32_1.15.0.201708311556/tools/compiler/bin/../lib/gcc/arm-none-eabi/6.3.1/../../../../arm-none-eabi/lib/thumb/v7e-m/fpv4-sp/hard\libc.a(lib_a-atexit.o) (__register_exitproc)

Allocating common symbols
Common symbol       size              file

__lock___atexit_recursive_mutex
[...]
Memory Configuration

Name             Origin             Length             Attributes
RAM              0x20000000         0x00030000         xrw
ROM              0x08000000         0x00200000         xr
*default*        0x00000000         0xffffffff

Linker script and memory map

LOAD c:/ac6/systemworkbench/plugins/fr.ac6.mcu.externaltools.arm-none.win32_1.15.0.201708311556/tools/compiler/bin/../lib/gcc/arm-none-eabi/6.3.1/thumb/v7e-m/fpv4-sp/hard/crti.o
LOAD c:/ac6/systemworkbench/plugins/fr.ac6.mcu.externaltools.arm-none.win32_1.15.0.201708311556/tools/compiler/bin/../lib/gcc/arm-none-eabi/6.3.1/thumb/v7e-m/fpv4-sp/hard/crtbegin.o
LOAD c:/ac6/systemworkbench/plugins/fr.ac6.mcu.externaltools.arm-none.win32_1.15.0.201708311556/tools/compiler/bin/../lib/gcc/arm-none-eabi/6.3.1/../../../../arm-none-eabi/lib/thumb/v7e-m/fpv4-sp/hard/crt0.o
LOAD StdPeriph_Driver/src/misc.o
LOAD StdPeriph_Driver/src/stm32f4xx_adc.o
LOAD StdPeriph_Driver/src/stm32f4xx_can.o
LOAD StdPeriph_Driver/src/stm32f4xx_cec.o
LOAD StdPeriph_Driver/src/stm32f4xx_crc.o
LOAD StdPeriph_Driver/src/stm32f4xx_cryp.o
LOAD StdPeriph_Driver/src/stm32f4xx_cryp_aes.o
LOAD StdPeriph_Driver/src/stm32f4xx_cryp_des.o
LOAD StdPeriph_Driver/src/stm32f4xx_cryp_tdes.o
LOAD StdPeriph_Driver/src/stm32f4xx_dac.o
LOAD StdPeriph_Driver/src/stm32f4xx_dbgmcu.o
LOAD StdPeriph_Driver/src/stm32f4xx_dcmi.o
LOAD StdPeriph_Driver/src/stm32f4xx_dfsdm.o
LOAD StdPeriph_Driver/src/stm32f4xx_dma.o
LOAD StdPeriph_Driver/src/stm32f4xx_dma2d.o
LOAD StdPeriph_Driver/src/stm32f4xx_dsi.o
LOAD StdPeriph_Driver/src/stm32f4xx_exti.o
LOAD StdPeriph_Driver/src/stm32f4xx_flash.o
LOAD StdPeriph_Driver/src/stm32f4xx_flash_ramfunc.o
LOAD StdPeriph_Driver/src/stm32f4xx_fmc.o
LOAD StdPeriph_Driver/src/stm32f4xx_fmip2c.o
LOAD StdPeriph_Driver/src/stm32f4xx_fsmc.o
LOAD StdPeriph_Driver/src/stm32f4xx_gpio.o
LOAD StdPeriph_Driver/src/stm32f4xx_hash.o
LOAD StdPeriph_Driver/src/stm32f4xx_hash_md5.o
LOAD StdPeriph_Driver/src/stm32f4xx_hash_sha1.o
LOAD StdPeriph_Driver/src/stm32f4xx_i2c.o
LOAD StdPeriph_Driver/src/stm32f4xx_iwdg.o
LOAD StdPeriph_Driver/src/stm32f4xx_lptim.o
LOAD StdPeriph_Driver/src/stm32f4xx_ltdc.o
LOAD StdPeriph_Driver/src/stm32f4xx_pwr.o
LOAD StdPeriph_Driver/src/stm32f4xx_qspi.o
LOAD StdPeriph_Driver/src/stm32f4xx_rcc.o
LOAD StdPeriph_Driver/src/stm32f4xx_rng.o
LOAD StdPeriph_Driver/src/stm32f4xx_rtc.o
LOAD StdPeriph_Driver/src/stm32f4xx_sai.o
LOAD StdPeriph_Driver/src/stm32f4xx_sdio.o
LOAD StdPeriph_Driver/src/stm32f4xx_spdifrx.o
LOAD StdPeriph_Driver/src/stm32f4xx_spi.o
LOAD StdPeriph_Driver/src/stm32f4xx_syscfg.o
LOAD StdPeriph_Driver/src/stm32f4xx_tim.o
LOAD StdPeriph_Driver/src/stm32f4xx_usart.o
LOAD StdPeriph_Driver/src/stm32f4xx_wwdg.o
LOAD src/main.o
LOAD src/syscalls.o
LOAD src/system_stm32f4xx.o
LOAD src/tm_stm32f4_rng.o
LOAD startup/startup_stm32f429_439xx.o
LOAD c:/ac6/systemworkbench/plugins/fr.ac6.mcu.externaltools.arm-none.win32_1.15.0.201708311556/tools/compiler/bin/../lib/gcc/arm-none-eabi/6.3.1/../../../../arm-none-eabi/lib/thumb/v7e-m/fpv4-sp/hard\libm.a
START GROUP
LOAD c:/ac6/systemworkbench/plugins/fr.ac6.mcu.externaltools.arm-none.win32_1.15.0.201708311556/tools/compiler/bin/../lib/gcc/arm-none-eabi/6.3.1/thumb/v7e-m/fpv4-sp/hard\libgcc.a
LOAD c:/ac6/systemworkbench/plugins/fr.ac6.mcu.externaltools.arm-none.win32_1.15.0.201708311556/tools/compiler/bin/../lib/gcc/arm-none-eabi/6.3.1/../../../../arm-none-eabi/lib/thumb/v7e-m/fpv4-sp/hard\libc.a
END GROUP
LOAD c:/ac6/systemworkbench/plugins/fr.ac6.mcu.externaltools.arm-none.win32_1.15.0.201708311556/tools/compiler/bin/../lib/gcc/arm-none-eabi/6.3.1/thumb/v7e-m/fpv4-sp/hard/crtend.o
LOAD c:/ac6/systemworkbench/plugins/fr.ac6.mcu.externaltools.arm-none.win32_1.15.0.201708311556/tools/compiler/bin/../lib/gcc/arm-none-eabi/6.3.1/thumb/v7e-m/fpv4-sp/hard/crtn.o
                0x20030000                _estack = 0x20030000
                0x00000000                _Min_Heap_Size = 0x0
                0x00000400                _Min_Stack_Size = 0x400

.isr_vector     0x08000000      0x188
                0x08000000                . = ALIGN (0x4)
 *(.isr_vector)
 .isr_vector    0x08000000      0x188 startup/startup_stm32f429_439xx.o
                0x08000000                g_pfnVectors
                0x08000188                . = ALIGN (0x4)

.text           0x08000188      0xdc0
                0x08000188                . = ALIGN (0x4)
 *(.text)
 .text          0x08000188       0x6c c:/ac6/systemworkbench/plugins/fr.ac6.mcu.externaltools.arm-none.win32_1.15.0.201708311556/tools/compiler/bin/../lib/gcc/arm-none-eabi/6.3.1/thumb/v7e-m/fpv4-sp/hard/crtbegin.o
 *(.text*)
 .text.NVIC_Init
                0x080001f4       0xc4 StdPeriph_Driver/src/misc.o
                0x080001f4                NVIC_Init
 .text.GPIO_Init
                0x080002b8      0x11c StdPeriph_Driver/src/stm32f4xx_gpio.o
                0x080002b8                GPIO_Init
 .text.GPIO_StructInit
                0x080003d4       0x34 StdPeriph_Driver/src/stm32f4xx_gpio.o
                0x080003d4                GPIO_StructInit
 .text.GPIO_ReadInputDataBit
                0x08000408       0x34 StdPeriph_Driver/src/stm32f4xx_gpio.o
                0x08000408                GPIO_ReadInputDataBit
 .text.GPIO_SetBits
                0x0800043c       0x1e StdPeriph_Driver/src/stm32f4xx_gpio.o
                0x0800043c                GPIO_SetBits
 .text.GPIO_ResetBits
                0x0800045a       0x1e StdPeriph_Driver/src/stm32f4xx_gpio.o
                0x0800045a                GPIO_ResetBits
 .text.GPIO_ToggleBits
                0x08000478       0x24 StdPeriph_Driver/src/stm32f4xx_gpio.o
                0x08000478                GPIO_ToggleBits
 .text.GPIO_PinAFConfig
                0x0800049c       0x92 StdPeriph_Driver/src/stm32f4xx_gpio.o
                0x0800049c                GPIO_PinAFConfig
 *fill*         0x0800052e        0x2 
 .text.RCC_AHB1PeriphClockCmd
                0x08000530       0x40 StdPeriph_Driver/src/stm32f4xx_rcc.o
                0x08000530                RCC_AHB1PeriphClockCmd
 .text.RCC_APB1PeriphClockCmd
                0x08000570       0x40 StdPeriph_Driver/src/stm32f4xx_rcc.o
                0x08000570                RCC_APB1PeriphClockCmd
 .text.TIM_TimeBaseInit
                0x080005b0       0xd8 StdPeriph_Driver/src/stm32f4xx_tim.o
                0x080005b0                TIM_TimeBaseInit
 .text.TIM_Cmd  0x08000688       0x40 StdPeriph_Driver/src/stm32f4xx_tim.o
                0x08000688                TIM_Cmd
 .text.TIM_OC1Init
                0x080006c8       0xf4 StdPeriph_Driver/src/stm32f4xx_tim.o
                0x080006c8                TIM_OC1Init
 .text.TIM_OC1PreloadConfig
                0x080007bc       0x38 StdPeriph_Driver/src/stm32f4xx_tim.o
                0x080007bc                TIM_OC1PreloadConfig
 .text.TIM_ITConfig
                0x080007f4       0x48 StdPeriph_Driver/src/stm32f4xx_tim.o
                0x080007f4                TIM_ITConfig
 .text.TIM_GetITStatus
                0x0800083c       0x54 StdPeriph_Driver/src/stm32f4xx_tim.o
                0x0800083c                TIM_GetITStatus
 .text.TIM_ClearITPendingBit
                0x08000890       0x22 StdPeriph_Driver/src/stm32f4xx_tim.o
                0x08000890                TIM_ClearITPendingBit
 .text.map      0x080008b2       0x30 src/main.o
                0x080008b2                map
 .text.delay    0x080008e2       0x30 src/main.o
                0x080008e2                delay
 *fill*         0x08000912        0x2 
 .text.TM_LEDS_PWM_Init
                0x08000914       0x44 src/main.o
                0x08000914                TM_LEDS_PWM_Init
 .text.initLed3
                0x08000958       0x3c src/main.o
                0x08000958                initLed3
 .text.initButton
                0x08000994       0x40 src/main.o
                0x08000994                initButton
 .text.TIM2_INT_Init
                0x080009d4       0x62 src/main.o
                0x080009d4                TIM2_INT_Init
 *fill*         0x08000a36        0x2 
 .text.TIM2_IRQHandler
                0x08000a38       0x30 src/main.o
                0x08000a38                TIM2_IRQHandler
 .text.TM_TIMER_PWM_Init
                0x08000a68       0x50 src/main.o
                0x08000a68                TM_TIMER_PWM_Init
 .text.TM_PWM_Init
                0x08000ab8       0x58 src/main.o
                0x08000ab8                TM_PWM_Init
 .text.main     0x08000b10       0xcc src/main.o
                0x08000b10                main
 .text.SystemInit
                0x08000bdc       0x6c src/system_stm32f4xx.o
                0x08000bdc                SystemInit
 .text.SetSysClock
                0x08000c48      0x12c src/system_stm32f4xx.o
 .text.TM_RNG_Init
                0x08000d74       0x30 src/tm_stm32f4_rng.o
                0x08000d74                TM_RNG_Init
 .text.TM_RNG_Get
                0x08000da4       0x24 src/tm_stm32f4_rng.o
                0x08000da4                TM_RNG_Get
 .text.Reset_Handler
                0x08000dc8       0x44 startup/startup_stm32f429_439xx.o
                0x08000dc8                Reset_Handler
 .text.Default_Handler
                0x08000e0c        0x2 startup/startup_stm32f429_439xx.o
                0x08000e0c                RTC_Alarm_IRQHandler
                0x08000e0c                HASH_RNG_IRQHandler
                0x08000e0c                EXTI2_IRQHandler
                0x08000e0c                TIM8_CC_IRQHandler
                0x08000e0c                DebugMon_Handler
                0x08000e0c                TIM1_CC_IRQHandler
                0x08000e0c                DMA2_Stream5_IRQHandler
                0x08000e0c                HardFault_Handler
                0x08000e0c                DMA1_Stream5_IRQHandler
                0x08000e0c                SysTick_Handler
                0x08000e0c                PVD_IRQHandler
                0x08000e0c                SDIO_IRQHandler
                0x08000e0c                TAMP_STAMP_IRQHandler
                0x08000e0c                PendSV_Handler
                0x08000e0c                NMI_Handler
                0x08000e0c                CAN2_RX1_IRQHandler
                0x08000e0c                EXTI3_IRQHandler
                0x08000e0c                TIM8_TRG_COM_TIM14_IRQHandler
                0x08000e0c                TIM1_UP_TIM10_IRQHandler
                0x08000e0c                TIM8_UP_TIM13_IRQHandler
                0x08000e0c                I2C3_ER_IRQHandler
                0x08000e0c                EXTI0_IRQHandler
                0x08000e0c                I2C2_EV_IRQHandler
                0x08000e0c                DMA1_Stream2_IRQHandler
                0x08000e0c                CAN1_RX0_IRQHandler
                0x08000e0c                FPU_IRQHandler
                0x08000e0c                OTG_HS_WKUP_IRQHandler
                0x08000e0c                UsageFault_Handler
                0x08000e0c                CAN2_SCE_IRQHandler
                0x08000e0c                DMA2_Stream2_IRQHandler
                0x08000e0c                SPI1_IRQHandler
                0x08000e0c                TIM6_DAC_IRQHandler
                0x08000e0c                TIM1_BRK_TIM9_IRQHandler
                0x08000e0c                DCMI_IRQHandler
                0x08000e0c                CAN2_RX0_IRQHandler
                0x08000e0c                DMA2_Stream3_IRQHandler
                0x08000e0c                USART6_IRQHandler
                0x08000e0c                USART3_IRQHandler
                0x08000e0c                CRYP_IRQHandler
                0x08000e0c                CAN1_RX1_IRQHandler
                0x08000e0c                UART5_IRQHandler
                0x08000e0c                DMA2_Stream0_IRQHandler
                0x08000e0c                TIM4_IRQHandler
                0x08000e0c                I2C1_EV_IRQHandler
                0x08000e0c                DMA1_Stream6_IRQHandler
                0x08000e0c                DMA1_Stream1_IRQHandler
                0x08000e0c                UART4_IRQHandler
                0x08000e0c                TIM3_IRQHandler
                0x08000e0c                RCC_IRQHandler
                0x08000e0c                TIM8_BRK_TIM12_IRQHandler
                0x08000e0c                Default_Handler
                0x08000e0c                EXTI15_10_IRQHandler
                0x08000e0c                ADC_IRQHandler
                0x08000e0c                DMA1_Stream7_IRQHandler
                0x08000e0c                TIM7_IRQHandler
                0x08000e0c                CAN2_TX_IRQHandler
                0x08000e0c                TIM5_IRQHandler
                0x08000e0c                DMA2_Stream7_IRQHandler
                0x08000e0c                I2C3_EV_IRQHandler
                0x08000e0c                EXTI9_5_IRQHandler
                0x08000e0c                RTC_WKUP_IRQHandler
                0x08000e0c                ETH_WKUP_IRQHandler
                0x08000e0c                SPI2_IRQHandler
                0x08000e0c                OTG_HS_EP1_IN_IRQHandler
                0x08000e0c                MemManage_Handler
                0x08000e0c                DMA1_Stream0_IRQHandler
                0x08000e0c                CAN1_TX_IRQHandler
                0x08000e0c                SVC_Handler
                0x08000e0c                EXTI4_IRQHandler
                0x08000e0c                FSMC_IRQHandler
                0x08000e0c                ETH_IRQHandler
                0x08000e0c                OTG_HS_EP1_OUT_IRQHandler
                0x08000e0c                WWDG_IRQHandler
                0x08000e0c                OTG_FS_WKUP_IRQHandler
                0x08000e0c                TIM1_TRG_COM_TIM11_IRQHandler
                0x08000e0c                OTG_HS_IRQHandler
                0x08000e0c                EXTI1_IRQHandler
                0x08000e0c                USART2_IRQHandler
                0x08000e0c                I2C2_ER_IRQHandler
                0x08000e0c                DMA2_Stream1_IRQHandler
                0x08000e0c                CAN1_SCE_IRQHandler
                0x08000e0c                FLASH_IRQHandler
                0x08000e0c                DMA2_Stream4_IRQHandler
                0x08000e0c                BusFault_Handler
                0x08000e0c                USART1_IRQHandler
                0x08000e0c                OTG_FS_IRQHandler
                0x08000e0c                SPI3_IRQHandler
                0x08000e0c                DMA1_Stream4_IRQHandler
                0x08000e0c                I2C1_ER_IRQHandler
                0x08000e0c                DMA2_Stream6_IRQHandler
                0x08000e0c                DMA1_Stream3_IRQHandler
 *fill*         0x08000e0e        0x2 
 .text.startup.register_fini
                0x08000e10       0x14 c:/ac6/systemworkbench/plugins/fr.ac6.mcu.externaltools.arm-none.win32_1.15.0.201708311556/tools/compiler/bin/../lib/gcc/arm-none-eabi/6.3.1/../../../../arm-none-eabi/lib/thumb/v7e-m/fpv4-sp/hard\libc.a(lib_a-__call_atexit.o)
 .text.atexit   0x08000e24        0xc c:/ac6/systemworkbench/plugins/fr.ac6.mcu.externaltools.arm-none.win32_1.15.0.201708311556/tools/compiler/bin/../lib/gcc/arm-none-eabi/6.3.1/../../../../arm-none-eabi/lib/thumb/v7e-m/fpv4-sp/hard\libc.a(lib_a-atexit.o)
                0x08000e24                atexit
 .text.__libc_fini_array
                0x08000e30       0x34 c:/ac6/systemworkbench/plugins/fr.ac6.mcu.externaltools.arm-none.win32_1.15.0.201708311556/tools/compiler/bin/../lib/gcc/arm-none-eabi/6.3.1/../../../../arm-none-eabi/lib/thumb/v7e-m/fpv4-sp/hard\libc.a(lib_a-fini.o)
                0x08000e30                __libc_fini_array
 .text.__retarget_lock_acquire_recursive
                0x08000e64        0x4 c:/ac6/systemworkbench/plugins/fr.ac6.mcu.externaltools.arm-none.win32_1.15.0.201708311556/tools/compiler/bin/../lib/gcc/arm-none-eabi/6.3.1/../../../../arm-none-eabi/lib/thumb/v7e-m/fpv4-sp/hard\libc.a(lib_a-lock.o)
                0x08000e64                __retarget_lock_acquire_recursive
 .text.__retarget_lock_release_recursive
                0x08000e68        0x4 c:/ac6/systemworkbench/plugins/fr.ac6.mcu.externaltools.arm-none.win32_1.15.0.201708311556/tools/compiler/bin/../lib/gcc/arm-none-eabi/6.3.1/../../../../arm-none-eabi/lib/thumb/v7e-m/fpv4-sp/hard\libc.a(lib_a-lock.o)
                0x08000e68                __retarget_lock_release_recursive
 .text.__register_exitproc
                0x08000e6c       0xc4 c:/ac6/systemworkbench/plugins/fr.ac6.mcu.externaltools.arm-none.win32_1.15.0.201708311556/tools/compiler/bin/../lib/gcc/arm-none-eabi/6.3.1/../../../../arm-none-eabi/lib/thumb/v7e-m/fpv4-sp/hard\libc.a(lib_a-__atexit.o)
                0x08000e6c                __register_exitproc
 *(.glue_7)
 .glue_7        0x08000f30        0x0 linker stubs
 *(.glue_7t)
 .glue_7t       0x08000f30        0x0 linker stubs
 *(.eh_frame)
 .eh_frame      0x08000f30        0x0 c:/ac6/systemworkbench/plugins/fr.ac6.mcu.externaltools.arm-none.win32_1.15.0.201708311556/tools/compiler/bin/../lib/gcc/arm-none-eabi/6.3.1/thumb/v7e-m/fpv4-sp/hard/crtbegin.o
 *(.init)
 .init          0x08000f30        0x4 c:/ac6/systemworkbench/plugins/fr.ac6.mcu.externaltools.arm-none.win32_1.15.0.201708311556/tools/compiler/bin/../lib/gcc/arm-none-eabi/6.3.1/thumb/v7e-m/fpv4-sp/hard/crti.o
                0x08000f30                _init
 .init          0x08000f34        0x8 c:/ac6/systemworkbench/plugins/fr.ac6.mcu.externaltools.arm-none.win32_1.15.0.201708311556/tools/compiler/bin/../lib/gcc/arm-none-eabi/6.3.1/thumb/v7e-m/fpv4-sp/hard/crtn.o
 *(.fini)
 .fini          0x08000f3c        0x4 c:/ac6/systemworkbench/plugins/fr.ac6.mcu.externaltools.arm-none.win32_1.15.0.201708311556/tools/compiler/bin/../lib/gcc/arm-none-eabi/6.3.1/thumb/v7e-m/fpv4-sp/hard/crti.o
                0x08000f3c                _fini
 .fini          0x08000f40        0x8 c:/ac6/systemworkbench/plugins/fr.ac6.mcu.externaltools.arm-none.win32_1.15.0.201708311556/tools/compiler/bin/../lib/gcc/arm-none-eabi/6.3.1/thumb/v7e-m/fpv4-sp/hard/crtn.o
                0x08000f48                . = ALIGN (0x4)
                0x08000f48                _etext = .

.vfp11_veneer   0x08000f48        0x0
 .vfp11_veneer  0x08000f48        0x0 linker stubs

.v4_bx          0x08000f48        0x0
 .v4_bx         0x08000f48        0x0 linker stubs

.iplt           0x08000f48        0x0
 .iplt          0x08000f48        0x0 c:/ac6/systemworkbench/plugins/fr.ac6.mcu.externaltools.arm-none.win32_1.15.0.201708311556/tools/compiler/bin/../lib/gcc/arm-none-eabi/6.3.1/thumb/v7e-m/fpv4-sp/hard/crtbegin.o

.rodata         0x08000f48        0x4
                0x08000f48                . = ALIGN (0x4)
 *(.rodata)
 *(.rodata*)
 .rodata._global_impure_ptr
                0x08000f48        0x4 c:/ac6/systemworkbench/plugins/fr.ac6.mcu.externaltools.arm-none.win32_1.15.0.201708311556/tools/compiler/bin/../lib/gcc/arm-none-eabi/6.3.1/../../../../arm-none-eabi/lib/thumb/v7e-m/fpv4-sp/hard\libc.a(lib_a-impure.o)
                0x08000f48                _global_impure_ptr
                0x08000f4c                . = ALIGN (0x4)

.rel.dyn        0x08000f4c        0x0
 .rel.iplt      0x08000f4c        0x0 c:/ac6/systemworkbench/plugins/fr.ac6.mcu.externaltools.arm-none.win32_1.15.0.201708311556/tools/compiler/bin/../lib/gcc/arm-none-eabi/6.3.1/thumb/v7e-m/fpv4-sp/hard/crtbegin.o

.ARM.extab      0x08000f4c        0x0
                0x08000f4c                . = ALIGN (0x4)
 *(.ARM.extab* .gnu.linkonce.armextab.*)
                0x08000f4c                . = ALIGN (0x4)

.ARM            0x08000f4c        0x0
                0x08000f4c                . = ALIGN (0x4)
                0x08000f4c                __exidx_start = .
 *(.ARM.exidx*)
                0x08000f4c                __exidx_end = .
                0x08000f4c                . = ALIGN (0x4)

.preinit_array  0x08000f4c        0x0
                0x08000f4c                . = ALIGN (0x4)
                0x08000f4c                PROVIDE (__preinit_array_start, .)
 *(.preinit_array*)
                0x08000f4c                PROVIDE (__preinit_array_end, .)
                0x08000f4c                . = ALIGN (0x4)

.init_array     0x08000f4c        0x8
                0x08000f4c                . = ALIGN (0x4)
                0x08000f4c                PROVIDE (__init_array_start, .)
 *(SORT(.init_array.*))
 .init_array.00000
                0x08000f4c        0x4 c:/ac6/systemworkbench/plugins/fr.ac6.mcu.externaltools.arm-none.win32_1.15.0.201708311556/tools/compiler/bin/../lib/gcc/arm-none-eabi/6.3.1/../../../../arm-none-eabi/lib/thumb/v7e-m/fpv4-sp/hard\libc.a(lib_a-__call_atexit.o)
 *(.init_array*)
 .init_array    0x08000f50        0x4 c:/ac6/systemworkbench/plugins/fr.ac6.mcu.externaltools.arm-none.win32_1.15.0.201708311556/tools/compiler/bin/../lib/gcc/arm-none-eabi/6.3.1/thumb/v7e-m/fpv4-sp/hard/crtbegin.o
                0x08000f54                PROVIDE (__init_array_end, .)
                0x08000f54                . = ALIGN (0x4)

.fini_array     0x08000f54        0x4
                0x08000f54                . = ALIGN (0x4)
                0x08000f54                PROVIDE (__fini_array_start, .)
 *(SORT(.fini_array.*))
 *(.fini_array*)
 .fini_array    0x08000f54        0x4 c:/ac6/systemworkbench/plugins/fr.ac6.mcu.externaltools.arm-none.win32_1.15.0.201708311556/tools/compiler/bin/../lib/gcc/arm-none-eabi/6.3.1/thumb/v7e-m/fpv4-sp/hard/crtbegin.o
                0x08000f58                PROVIDE (__fini_array_end, .)
                0x08000f58                . = ALIGN (0x4)
                0x08000f58                _sidata = LOADADDR (.data)

.data           0x20000000      0x42c load address 0x08000f58
                0x20000000                . = ALIGN (0x4)
                0x20000000                _sdata = .
 *(.data)
 *(.data*)
 .data.impure_data
                0x20000000      0x428 c:/ac6/systemworkbench/plugins/fr.ac6.mcu.externaltools.arm-none.win32_1.15.0.201708311556/tools/compiler/bin/../lib/gcc/arm-none-eabi/6.3.1/../../../../arm-none-eabi/lib/thumb/v7e-m/fpv4-sp/hard\libc.a(lib_a-impure.o)
 .data.__atexit_recursive_mutex
                0x20000428        0x4 c:/ac6/systemworkbench/plugins/fr.ac6.mcu.externaltools.arm-none.win32_1.15.0.201708311556/tools/compiler/bin/../lib/gcc/arm-none-eabi/6.3.1/../../../../arm-none-eabi/lib/thumb/v7e-m/fpv4-sp/hard\libc.a(lib_a-__call_atexit.o)
                0x20000428                __atexit_recursive_mutex
                0x2000042c                . = ALIGN (0x4)
                0x2000042c                _edata = .

.jcr            0x2000042c        0x0 load address 0x08001384
 .jcr           0x2000042c        0x0 c:/ac6/systemworkbench/plugins/fr.ac6.mcu.externaltools.arm-none.win32_1.15.0.201708311556/tools/compiler/bin/../lib/gcc/arm-none-eabi/6.3.1/thumb/v7e-m/fpv4-sp/hard/crtbegin.o

.igot.plt       0x2000042c        0x0 load address 0x08001384
 .igot.plt      0x2000042c        0x0 c:/ac6/systemworkbench/plugins/fr.ac6.mcu.externaltools.arm-none.win32_1.15.0.201708311556/tools/compiler/bin/../lib/gcc/arm-none-eabi/6.3.1/thumb/v7e-m/fpv4-sp/hard/crtbegin.o
                0x2000042c                . = ALIGN (0x4)

.bss            0x2000042c       0x40 load address 0x08001384
                0x2000042c                _sbss = .
                0x2000042c                __bss_start__ = _sbss
 *(.bss)
 .bss           0x2000042c       0x1c c:/ac6/systemworkbench/plugins/fr.ac6.mcu.externaltools.arm-none.win32_1.15.0.201708311556/tools/compiler/bin/../lib/gcc/arm-none-eabi/6.3.1/thumb/v7e-m/fpv4-sp/hard/crtbegin.o
 *(.bss*)
 *(COMMON)
 COMMON         0x20000448       0x21 c:/ac6/systemworkbench/plugins/fr.ac6.mcu.externaltools.arm-none.win32_1.15.0.201708311556/tools/compiler/bin/../lib/gcc/arm-none-eabi/6.3.1/../../../../arm-none-eabi/lib/thumb/v7e-m/fpv4-sp/hard\libc.a(lib_a-lock.o)
                0x20000448                __lock___atexit_recursive_mutex
                0x2000044c                __lock___arc4random_mutex
                0x20000450                __lock___env_recursive_mutex
                0x20000454                __lock___sinit_recursive_mutex
                0x20000458                __lock___malloc_recursive_mutex
                0x2000045c                __lock___at_quick_exit_mutex
                0x20000460                __lock___dd_hash_mutex
                0x20000464                __lock___tz_mutex
                0x20000468                __lock___sfp_recursive_mutex
                0x2000046c                . = ALIGN (0x4)
 *fill*         0x20000469        0x3 
                0x2000046c                _ebss = .
                0x2000046c                __bss_end__ = _ebss

._user_heap_stack
                0x2000046c      0x404 load address 0x08001384
                0x20000470                . = ALIGN (0x8)
 *fill*         0x2000046c        0x4 
                0x20000470                PROVIDE (end, .)
                [!provide]                PROVIDE (_end, .)
                0x20000470                . = (. + _Min_Heap_Size)
                0x20000870                . = (. + _Min_Stack_Size)
 *fill*         0x20000470      0x400 
                0x20000870                . = ALIGN (0x8)

/DISCARD/
 libc.a(*)
 libm.a(*)
 libgcc.a(*)

.ARM.attributes
                0x00000000       0x30
 *(.ARM.attributes)
 .ARM.attributes
                0x00000000       0x22 c:/ac6/systemworkbench/plugins/fr.ac6.mcu.externaltools.arm-none.win32_1.15.0.201708311556/tools/compiler/bin/../lib/gcc/arm-none-eabi/6.3.1/thumb/v7e-m/fpv4-sp/hard/crti.o
 .ARM.attributes
                0x00000022       0x34 c:/ac6/systemworkbench/plugins/fr.ac6.mcu.externaltools.arm-none.win32_1.15.0.201708311556/tools/compiler/bin/../lib/gcc/arm-none-eabi/6.3.1/thumb/v7e-m/fpv4-sp/hard/crtbegin.o
 .ARM.attributes
                0x00000056       0x39 StdPeriph_Driver/src/misc.o
 .ARM.attributes
                0x0000008f       0x39 StdPeriph_Driver/src/stm32f4xx_gpio.o
 .ARM.attributes
                0x000000c8       0x39 StdPeriph_Driver/src/stm32f4xx_rcc.o
 .ARM.attributes
                0x00000101       0x39 StdPeriph_Driver/src/stm32f4xx_tim.o
 .ARM.attributes
                0x0000013a       0x39 src/main.o
 .ARM.attributes
                0x00000173       0x39 src/system_stm32f4xx.o
 .ARM.attributes
                0x000001ac       0x39 src/tm_stm32f4_rng.o
 .ARM.attributes
                0x000001e5       0x21 startup/startup_stm32f429_439xx.o
 .ARM.attributes
                0x00000206       0x34 c:/ac6/systemworkbench/plugins/fr.ac6.mcu.externaltools.arm-none.win32_1.15.0.201708311556/tools/compiler/bin/../lib/gcc/arm-none-eabi/6.3.1/../../../../arm-none-eabi/lib/thumb/v7e-m/fpv4-sp/hard\libc.a(lib_a-impure.o)
 .ARM.attributes
                0x0000023a       0x34 c:/ac6/systemworkbench/plugins/fr.ac6.mcu.externaltools.arm-none.win32_1.15.0.201708311556/tools/compiler/bin/../lib/gcc/arm-none-eabi/6.3.1/../../../../arm-none-eabi/lib/thumb/v7e-m/fpv4-sp/hard\libc.a(lib_a-__call_atexit.o)
 .ARM.attributes
                0x0000026e       0x34 c:/ac6/systemworkbench/plugins/fr.ac6.mcu.externaltools.arm-none.win32_1.15.0.201708311556/tools/compiler/bin/../lib/gcc/arm-none-eabi/6.3.1/../../../../arm-none-eabi/lib/thumb/v7e-m/fpv4-sp/hard\libc.a(lib_a-atexit.o)
 .ARM.attributes
                0x000002a2       0x34 c:/ac6/systemworkbench/plugins/fr.ac6.mcu.externaltools.arm-none.win32_1.15.0.201708311556/tools/compiler/bin/../lib/gcc/arm-none-eabi/6.3.1/../../../../arm-none-eabi/lib/thumb/v7e-m/fpv4-sp/hard\libc.a(lib_a-fini.o)
 .ARM.attributes
                0x000002d6       0x34 c:/ac6/systemworkbench/plugins/fr.ac6.mcu.externaltools.arm-none.win32_1.15.0.201708311556/tools/compiler/bin/../lib/gcc/arm-none-eabi/6.3.1/../../../../arm-none-eabi/lib/thumb/v7e-m/fpv4-sp/hard\libc.a(lib_a-lock.o)
 .ARM.attributes
                0x0000030a       0x34 c:/ac6/systemworkbench/plugins/fr.ac6.mcu.externaltools.arm-none.win32_1.15.0.201708311556/tools/compiler/bin/../lib/gcc/arm-none-eabi/6.3.1/../../../../arm-none-eabi/lib/thumb/v7e-m/fpv4-sp/hard\libc.a(lib_a-__atexit.o)
 .ARM.attributes
                0x0000033e       0x22 c:/ac6/systemworkbench/plugins/fr.ac6.mcu.externaltools.arm-none.win32_1.15.0.201708311556/tools/compiler/bin/../lib/gcc/arm-none-eabi/6.3.1/thumb/v7e-m/fpv4-sp/hard/crtn.o
OUTPUT(Periferics_P1.elf elf32-littlearm)

.debug_info     0x00000000     0x4a7a
 .debug_info    0x00000000      0x551 StdPeriph_Driver/src/misc.o
 .debug_info    0x00000551      0x62c StdPeriph_Driver/src/stm32f4xx_gpio.o
 .debug_info    0x00000b7d      0xe7a StdPeriph_Driver/src/stm32f4xx_rcc.o
 .debug_info    0x000019f7     0x1c78 StdPeriph_Driver/src/stm32f4xx_tim.o
 .debug_info    0x0000366f      0xa68 src/main.o
 .debug_info    0x000040d7      0x618 src/system_stm32f4xx.o
 .debug_info    0x000046ef      0x314 src/tm_stm32f4_rng.o
 .debug_info    0x00004a03       0x77 startup/startup_stm32f429_439xx.o

.debug_abbrev   0x00000000      0xad2
 .debug_abbrev  0x00000000      0x175 StdPeriph_Driver/src/misc.o
 .debug_abbrev  0x00000175      0x1bb StdPeriph_Driver/src/stm32f4xx_gpio.o
 .debug_abbrev  0x00000330      0x1d2 StdPeriph_Driver/src/stm32f4xx_rcc.o
 .debug_abbrev  0x00000502      0x19d StdPeriph_Driver/src/stm32f4xx_tim.o
 .debug_abbrev  0x0000069f      0x1e7 src/main.o
 .debug_abbrev  0x00000886      0x15b src/system_stm32f4xx.o
 .debug_abbrev  0x000009e1       0xdf src/tm_stm32f4_rng.o
 .debug_abbrev  0x00000ac0       0x12 startup/startup_stm32f429_439xx.o

.debug_aranges  0x00000000      0x678
 .debug_aranges
                0x00000000       0x40 StdPeriph_Driver/src/misc.o
 .debug_aranges
                0x00000040       0x88 StdPeriph_Driver/src/stm32f4xx_gpio.o
 .debug_aranges
                0x000000c8      0x1c0 StdPeriph_Driver/src/stm32f4xx_rcc.o
 .debug_aranges
                0x00000288      0x2f8 StdPeriph_Driver/src/stm32f4xx_tim.o
 .debug_aranges
                0x00000580       0x70 src/main.o
 .debug_aranges
                0x000005f0       0x30 src/system_stm32f4xx.o
 .debug_aranges
                0x00000620       0x30 src/tm_stm32f4_rng.o
 .debug_aranges
                0x00000650       0x28 startup/startup_stm32f429_439xx.o

.debug_ranges   0x00000000      0x600
 .debug_ranges  0x00000000       0x30 StdPeriph_Driver/src/misc.o
 .debug_ranges  0x00000030       0x78 StdPeriph_Driver/src/stm32f4xx_gpio.o
 .debug_ranges  0x000000a8      0x1b0 StdPeriph_Driver/src/stm32f4xx_rcc.o
 .debug_ranges  0x00000258      0x2e8 StdPeriph_Driver/src/stm32f4xx_tim.o
 .debug_ranges  0x00000540       0x60 src/main.o
 .debug_ranges  0x000005a0       0x20 src/system_stm32f4xx.o
 .debug_ranges  0x000005c0       0x20 src/tm_stm32f4_rng.o
 .debug_ranges  0x000005e0       0x20 startup/startup_stm32f429_439xx.o

.debug_macro    0x00000000    0x10e90
 .debug_macro   0x00000000      0x1d9 StdPeriph_Driver/src/misc.o
 .debug_macro   0x000001d9      0x8ce StdPeriph_Driver/src/misc.o
 .debug_macro   0x00000aa7       0x65 StdPeriph_Driver/src/misc.o
 .debug_macro   0x00000b0c       0x3b StdPeriph_Driver/src/misc.o
 .debug_macro   0x00000b47       0x22 StdPeriph_Driver/src/misc.o
 .debug_macro   0x00000b69       0x87 StdPeriph_Driver/src/misc.o
 .debug_macro   0x00000bf0       0x51 StdPeriph_Driver/src/misc.o
 .debug_macro   0x00000c41       0xef StdPeriph_Driver/src/misc.o
 .debug_macro   0x00000d30       0x6a StdPeriph_Driver/src/misc.o
 .debug_macro   0x00000d9a      0x1df StdPeriph_Driver/src/misc.o
 .debug_macro   0x00000f79       0x34 StdPeriph_Driver/src/misc.o
 .debug_macro   0x00000fad       0x26 StdPeriph_Driver/src/misc.o
 .debug_macro   0x00000fd3      0xe43 StdPeriph_Driver/src/misc.o
 .debug_macro   0x00001e16     0x961b StdPeriph_Driver/src/misc.o
 .debug_macro   0x0000b431      0x44f StdPeriph_Driver/src/misc.o
 .debug_macro   0x0000b880       0xb2 StdPeriph_Driver/src/misc.o
 .debug_macro   0x0000b932      0x477 StdPeriph_Driver/src/misc.o
 .debug_macro   0x0000bda9       0xb5 StdPeriph_Driver/src/misc.o
 .debug_macro   0x0000be5e      0x41c StdPeriph_Driver/src/misc.o
 .debug_macro   0x0000c27a      0x2fb StdPeriph_Driver/src/misc.o
 .debug_macro   0x0000c575      0x2ba StdPeriph_Driver/src/misc.o
 .debug_macro   0x0000c82f       0x64 StdPeriph_Driver/src/misc.o
 .debug_macro   0x0000c893       0xee StdPeriph_Driver/src/misc.o
 .debug_macro   0x0000c981      0x65f StdPeriph_Driver/src/misc.o
 .debug_macro   0x0000cfe0      0x59e StdPeriph_Driver/src/misc.o
 .debug_macro   0x0000d57e      0x342 StdPeriph_Driver/src/misc.o
 .debug_macro   0x0000d8c0      0x36c StdPeriph_Driver/src/misc.o
 .debug_macro   0x0000dc2c      0x114 StdPeriph_Driver/src/misc.o
 .debug_macro   0x0000dd40      0x73b StdPeriph_Driver/src/misc.o
 .debug_macro   0x0000e47b      0x223 StdPeriph_Driver/src/misc.o
 .debug_macro   0x0000e69e       0x34 StdPeriph_Driver/src/misc.o
 .debug_macro   0x0000e6d2      0x144 StdPeriph_Driver/src/misc.o
 .debug_macro   0x0000e816       0xc3 StdPeriph_Driver/src/misc.o
 .debug_macro   0x0000e8d9       0x40 StdPeriph_Driver/src/misc.o
 .debug_macro   0x0000e919      0x3cf StdPeriph_Driver/src/misc.o
 .debug_macro   0x0000ece8      0x188 StdPeriph_Driver/src/misc.o
 .debug_macro   0x0000ee70      0x149 StdPeriph_Driver/src/misc.o
 .debug_macro   0x0000efb9      0x21e StdPeriph_Driver/src/misc.o
 .debug_macro   0x0000f1d7      0x23a StdPeriph_Driver/src/misc.o
 .debug_macro   0x0000f411      0x359 StdPeriph_Driver/src/misc.o
 .debug_macro   0x0000f76a       0x35 StdPeriph_Driver/src/misc.o
 .debug_macro   0x0000f79f       0x7c StdPeriph_Driver/src/misc.o
 .debug_macro   0x0000f81b      0x1d7 StdPeriph_Driver/src/stm32f4xx_gpio.o
 .debug_macro   0x0000f9f2      0x2f5 StdPeriph_Driver/src/stm32f4xx_gpio.o
 .debug_macro   0x0000fce7      0x2a6 StdPeriph_Driver/src/stm32f4xx_rcc.o
 .debug_macro   0x0000ff8d      0x201 StdPeriph_Driver/src/stm32f4xx_tim.o
 .debug_macro   0x0001018e      0x735 StdPeriph_Driver/src/stm32f4xx_tim.o
 .debug_macro   0x000108c3      0x1ee src/main.o
 .debug_macro   0x00010ab1       0x10 src/main.o
 .debug_macro   0x00010ac1      0x1ed src/system_stm32f4xx.o
 .debug_macro   0x00010cae      0x1e2 src/tm_stm32f4_rng.o

.debug_line     0x00000000     0x3c3b
 .debug_line    0x00000000      0x673 StdPeriph_Driver/src/misc.o
 .debug_line    0x00000673      0x79b StdPeriph_Driver/src/stm32f4xx_gpio.o
 .debug_line    0x00000e0e      0xa8f StdPeriph_Driver/src/stm32f4xx_rcc.o
 .debug_line    0x0000189d      0xeed StdPeriph_Driver/src/stm32f4xx_tim.o
 .debug_line    0x0000278a      0x738 src/main.o
 .debug_line    0x00002ec2      0x6a0 src/system_stm32f4xx.o
 .debug_line    0x00003562      0x659 src/tm_stm32f4_rng.o
 .debug_line    0x00003bbb       0x80 startup/startup_stm32f429_439xx.o

.debug_str      0x00000000    0x660ff
 .debug_str     0x00000000    0x63caa StdPeriph_Driver/src/misc.o
                              0x63ea9 (size before relaxing)
 .debug_str     0x00063caa      0x2cb StdPeriph_Driver/src/stm32f4xx_gpio.o
                              0x63f51 (size before relaxing)
 .debug_str     0x00063f75      0xd74 StdPeriph_Driver/src/stm32f4xx_rcc.o
                              0x64a66 (size before relaxing)
 .debug_str     0x00064ce9      0xc2f StdPeriph_Driver/src/stm32f4xx_tim.o
                              0x64948 (size before relaxing)
 .debug_str     0x00065918      0x6d7 src/main.o
                              0x64737 (size before relaxing)
 .debug_str     0x00065fef       0xc7 src/system_stm32f4xx.o
                              0x63ea4 (size before relaxing)
 .debug_str     0x000660b6       0x49 src/tm_stm32f4_rng.o
                              0x63dcd (size before relaxing)

.comment        0x00000000       0x7f
 .comment       0x00000000       0x7f StdPeriph_Driver/src/misc.o
                                 0x80 (size before relaxing)
 .comment       0x0000007f       0x80 StdPeriph_Driver/src/stm32f4xx_gpio.o
 .comment       0x0000007f       0x80 StdPeriph_Driver/src/stm32f4xx_rcc.o
 .comment       0x0000007f       0x80 StdPeriph_Driver/src/stm32f4xx_tim.o
 .comment       0x0000007f       0x80 src/main.o
 .comment       0x0000007f       0x80 src/system_stm32f4xx.o
 .comment       0x0000007f       0x80 src/tm_stm32f4_rng.o

.debug_frame    0x00000000     0x1dc0
 .debug_frame   0x00000000       0xd8 StdPeriph_Driver/src/misc.o
 .debug_frame   0x000000d8      0x23c StdPeriph_Driver/src/stm32f4xx_gpio.o
 .debug_frame   0x00000314      0x83c StdPeriph_Driver/src/stm32f4xx_rcc.o
 .debug_frame   0x00000b50      0xe54 StdPeriph_Driver/src/stm32f4xx_tim.o
 .debug_frame   0x000019a4      0x19c src/main.o
 .debug_frame   0x00001b40       0x7c src/system_stm32f4xx.o
 .debug_frame   0x00001bbc       0x70 src/tm_stm32f4_rng.o
 .debug_frame   0x00001c2c       0x5c c:/ac6/systemworkbench/plugins/fr.ac6.mcu.externaltools.arm-none.win32_1.15.0.201708311556/tools/compiler/bin/../lib/gcc/arm-none-eabi/6.3.1/../../../../arm-none-eabi/lib/thumb/v7e-m/fpv4-sp/hard\libc.a(lib_a-__call_atexit.o)
 .debug_frame   0x00001c88       0x20 c:/ac6/systemworkbench/plugins/fr.ac6.mcu.externaltools.arm-none.win32_1.15.0.201708311556/tools/compiler/bin/../lib/gcc/arm-none-eabi/6.3.1/../../../../arm-none-eabi/lib/thumb/v7e-m/fpv4-sp/hard\libc.a(lib_a-atexit.o)
 .debug_frame   0x00001ca8       0x34 c:/ac6/systemworkbench/plugins/fr.ac6.mcu.externaltools.arm-none.win32_1.15.0.201708311556/tools/compiler/bin/../lib/gcc/arm-none-eabi/6.3.1/../../../../arm-none-eabi/lib/thumb/v7e-m/fpv4-sp/hard\libc.a(lib_a-fini.o)
 .debug_frame   0x00001cdc       0xb0 c:/ac6/systemworkbench/plugins/fr.ac6.mcu.externaltools.arm-none.win32_1.15.0.201708311556/tools/compiler/bin/../lib/gcc/arm-none-eabi/6.3.1/../../../../arm-none-eabi/lib/thumb/v7e-m/fpv4-sp/hard\libc.a(lib_a-lock.o)
 .debug_frame   0x00001d8c       0x34 c:/ac6/systemworkbench/plugins/fr.ac6.mcu.externaltools.arm-none.win32_1.15.0.201708311556/tools/compiler/bin/../lib/gcc/arm-none-eabi/6.3.1/../../../../arm-none-eabi/lib/thumb/v7e-m/fpv4-sp/hard\libc.a(lib_a-__atexit.o)
